Running: /opt/Xilinx/14.7/ISE_DS/ISE/bin/lin64/unwrapped/fuse -intstyle ise -incremental -lib secureip -o /home/ise/ALU_4bit/tb_alu_4bit_isim_beh.exe -prj /home/ise/ALU_4bit/tb_alu_4bit_beh.prj work.tb_alu_4bit 
ISim P.20131013 (signature 0xfbc00daa)
Number of CPUs detected in this system: 1
Turning on mult-threading, number of parallel sub-compilation jobs: 0 
Determining compilation order of HDL files
Parsing VHDL file "/home/ise/ALU_4bit/full_adder.vhd" into library work
Parsing VHDL file "/home/ise/ALU_4bit/or_unit.vhd" into library work
Parsing VHDL file "/home/ise/ALU_4bit/mux_4to1.vhd" into library work
Parsing VHDL file "/home/ise/ALU_4bit/and_unit.vhd" into library work
Parsing VHDL file "/home/ise/ALU_4bit/adder_4bit.vhd" into library work
Parsing VHDL file "/home/ise/ALU_4bit/alu_4bit.vhd" into library work
Parsing VHDL file "/home/ise/ALU_4bit/tb_alu_4bit.vhd" into library work
Starting static elaboration
Completed static elaboration
Fuse Memory Usage: 95476 KB
Fuse CPU Usage: 470 ms
Compiling package standard
Compiling package std_logic_1164
Compiling architecture dataflow of entity and_unit [and_unit_default]
Compiling architecture dataflow of entity or_unit [or_unit_default]
Compiling architecture dataflow of entity full_adder [full_adder_default]
Compiling architecture structural of entity adder_4bit [adder_4bit_default]
Compiling architecture dataflow of entity mux_4to1 [mux_4to1_default]
Compiling architecture structural of entity alu_4bit [alu_4bit_default]
Compiling architecture behavior of entity tb_alu_4bit
Time Resolution for simulation is 1ps.
Compiled 15 VHDL Units
Built simulation executable /home/ise/ALU_4bit/tb_alu_4bit_isim_beh.exe
Fuse Memory Usage: 104180 KB
Fuse CPU Usage: 480 ms
GCC CPU Usage: 520 ms
