Running: /opt/Xilinx/14.7/ISE_DS/ISE/bin/lin64/unwrapped/fuse -intstyle ise -incremental -lib secureip -o /home/ise/Accumulator_4bit_lab_exam/tb_accumulator_4bit_isim_beh.exe -prj /home/ise/Accumulator_4bit_lab_exam/tb_accumulator_4bit_beh.prj work.tb_accumulator_4bit 
ISim P.20131013 (signature 0xfbc00daa)
Number of CPUs detected in this system: 1
Turning on mult-threading, number of parallel sub-compilation jobs: 0 
Determining compilation order of HDL files
Parsing VHDL file "/home/ise/Accumulator_4bit_lab_exam/register_4bit.vhd" into library work
Parsing VHDL file "/home/ise/Accumulator_4bit_lab_exam/adder_4bit.vhd" into library work
Parsing VHDL file "/home/ise/Accumulator_4bit_lab_exam/accumulator_4bit.vhd" into library work
Parsing VHDL file "/home/ise/Accumulator_4bit_lab_exam/tb_accumulator_4bit.vhd" into library work
Starting static elaboration
Completed static elaboration
Fuse Memory Usage: 96724 KB
Fuse CPU Usage: 360 ms
Compiling package standard
Compiling package std_logic_1164
Compiling package std_logic_arith
Compiling package std_logic_unsigned
Compiling architecture behavioral of entity adder_4bit [adder_4bit_default]
Compiling architecture behavioral of entity register_4bit [register_4bit_default]
Compiling architecture structural of entity accumulator_4bit [accumulator_4bit_default]
Compiling architecture behavior of entity tb_accumulator_4bit
Time Resolution for simulation is 1ps.
Compiled 11 VHDL Units
Built simulation executable /home/ise/Accumulator_4bit_lab_exam/tb_accumulator_4bit_isim_beh.exe
Fuse Memory Usage: 111936 KB
Fuse CPU Usage: 400 ms
GCC CPU Usage: 810 ms
