Release 14.7 - xst P.20131013 (lin64)
Copyright (c) 1995-2013 Xilinx, Inc.  All rights reserved.
--> 
Parameter TMPDIR set to xst/projnav.tmp


Total REAL time to Xst completion: 0.00 secs
Total CPU time to Xst completion: 0.02 secs
 
--> 
Parameter xsthdpdir set to xst


Total REAL time to Xst completion: 0.00 secs
Total CPU time to Xst completion: 0.02 secs
 
--> 
Reading design: alu_8bit.prj

TABLE OF CONTENTS
  1) Synthesis Options Summary
  2) HDL Parsing
  3) HDL Elaboration
  4) HDL Synthesis
       4.1) HDL Synthesis Report
  5) Advanced HDL Synthesis
       5.1) Advanced HDL Synthesis Report
  6) Low Level Synthesis
  7) Partition Report
  8) Design Summary
       8.1) Primitive and Black Box Usage
       8.2) Device utilization summary
       8.3) Partition Resource Summary
       8.4) Timing Report
            8.4.1) Clock Information
            8.4.2) Asynchronous Control Signals Information
            8.4.3) Timing Summary
            8.4.4) Timing Details
            8.4.5) Cross Clock Domains Report


=========================================================================
*                      Synthesis Options Summary                        *
=========================================================================
---- Source Parameters
Input File Name                    : "alu_8bit.prj"
Ignore Synthesis Constraint File   : NO

---- Target Parameters
Output File Name                   : "alu_8bit"
Output Format                      : NGC
Target Device                      : xc7a100t-3-csg324

---- Source Options
Top Module Name                    : alu_8bit
Automatic FSM Extraction           : YES
FSM Encoding Algorithm             : Auto
Safe Implementation                : No
FSM Style                          : LUT
RAM Extraction                     : Yes
RAM Style                          : Auto
ROM Extraction                     : Yes
Shift Register Extraction          : YES
ROM Style                          : Auto
Resource Sharing                   : YES
Asynchronous To Synchronous        : NO
Shift Register Minimum Size        : 2
Use DSP Block                      : Auto
Automatic Register Balancing       : No

---- Target Options
LUT Combining                      : Auto
Reduce Control Sets                : Auto
Add IO Buffers                     : YES
Global Maximum Fanout              : 100000
Add Generic Clock Buffer(BUFG)     : 32
Register Duplication               : YES
Optimize Instantiated Primitives   : NO
Use Clock Enable                   : Auto
Use Synchronous Set                : Auto
Use Synchronous Reset              : Auto
Pack IO Registers into IOBs        : Auto
Equivalent register Removal        : YES

---- General Options
Optimization Goal                  : Speed
Optimization Effort                : 1
Power Reduction                    : NO
Keep Hierarchy                     : No
Netlist Hierarchy                  : As_Optimized
RTL Output                         : Yes
Global Optimization                : AllClockNets
Read Cores                         : YES
Write Timing Constraints           : NO
Cross Clock Analysis               : NO
Hierarchy Separator                : /
Bus Delimiter                      : <>
Case Specifier                     : Maintain
Slice Utilization Ratio            : 100
BRAM Utilization Ratio             : 100
DSP48 Utilization Ratio            : 100
Auto BRAM Packing                  : NO
Slice Utilization Ratio Delta      : 5

=========================================================================


=========================================================================
*                          HDL Parsing                                  *
=========================================================================
Analyzing Verilog file "/home/ise/alu_8bit/alu_8bit.v" into library work
Parsing module <alu_8bit>.

=========================================================================
*                            HDL Elaboration                            *
=========================================================================

Elaborating module <alu_8bit>.

=========================================================================
*                           HDL Synthesis                               *
=========================================================================

Synthesizing Unit <alu_8bit>.
    Related source file is "/home/ise/alu_8bit/alu_8bit.v".
    Found 9-bit subtractor for signal <GND_1_o_GND_1_o_sub_2_OUT> created at line 14.
    Found 9-bit adder for signal <n0022> created at line 13.
    Found 8-bit 8-to-1 multiplexer for signal <Result> created at line 12.
    Summary:
	inferred   2 Adder/Subtractor(s).
	inferred   4 Multiplexer(s).
Unit <alu_8bit> synthesized.

=========================================================================
HDL Synthesis Report

Macro Statistics
# Adders/Subtractors                                   : 2
 9-bit adder                                           : 1
 9-bit subtractor                                      : 1
# Multiplexers                                         : 4
 1-bit 2-to-1 multiplexer                              : 3
 8-bit 8-to-1 multiplexer                              : 1
# Xors                                                 : 1
 8-bit xor2                                            : 1

=========================================================================

=========================================================================
*                       Advanced HDL Synthesis                          *
=========================================================================


=========================================================================
Advanced HDL Synthesis Report

Macro Statistics
# Adders/Subtractors                                   : 2
 9-bit adder                                           : 1
 9-bit subtractor                                      : 1
# Multiplexers                                         : 4
 1-bit 2-to-1 multiplexer                              : 3
 8-bit 8-to-1 multiplexer                              : 1
# Xors                                                 : 1
 8-bit xor2                                            : 1

=========================================================================

=========================================================================
*                         Low Level Synthesis                           *
=========================================================================

Optimizing unit <alu_8bit> ...

Mapping all equations...
Building and optimizing final netlist ...
Found area constraint ratio of 100 (+ 5) on block alu_8bit, actual ratio is 0.

Final Macro Processing ...

=========================================================================
Final Register Report

Found no macro
=========================================================================

=========================================================================
*                           Partition Report                            *
=========================================================================

Partition Implementation Status
-------------------------------

  No Partitions were found in this design.

-------------------------------

=========================================================================
*                            Design Summary                             *
=========================================================================

Top Level Output File Name         : alu_8bit.ngc

Primitive and Black Box Usage:
------------------------------
# BELS                             : 82
#      GND                         : 1
#      LUT2                        : 23
#      LUT3                        : 5
#      LUT5                        : 3
#      LUT6                        : 14
#      MUXCY                       : 16
#      MUXF7                       : 2
#      VCC                         : 1
#      XORCY                       : 17
# IO Buffers                       : 28
#      IBUF                        : 19
#      OBUF                        : 9

Device utilization summary:
---------------------------

Selected Device : 7a100tcsg324-3 


Slice Logic Utilization: 
 Number of Slice LUTs:                   45  out of  63400     0%  
    Number used as Logic:                45  out of  63400     0%  

Slice Logic Distribution: 
 Number of LUT Flip Flop pairs used:     45
   Number with an unused Flip Flop:      45  out of     45   100%  
   Number with an unused LUT:             0  out of     45     0%  
   Number of fully used LUT-FF pairs:     0  out of     45     0%  
   Number of unique control sets:         0

IO Utilization: 
 Number of IOs:                          28
 Number of bonded IOBs:                  28  out of    210    13%  

Specific Feature Utilization:

---------------------------
Partition Resource Summary:
---------------------------

  No Partitions were found in this design.

---------------------------


=========================================================================
Timing Report

NOTE: THESE TIMING NUMBERS ARE ONLY A SYNTHESIS ESTIMATE.
      FOR ACCURATE TIMING INFORMATION PLEASE REFER TO THE TRACE REPORT
      GENERATED AFTER PLACE-and-ROUTE.

Clock Information:
------------------
No clock signals found in this design

Asynchronous Control Signals Information:
----------------------------------------
No asynchronous control signals found in this design

Timing Summary:
---------------
Speed Grade: -3

   Minimum period: No path found
   Minimum input arrival time before clock: No path found
   Maximum output required time after clock: No path found
   Maximum combinational path delay: 2.743ns

Timing Details:
---------------
All values displayed in nanoseconds (ns)

=========================================================================
Timing constraint: Default path analysis
  Total number of paths / destination ports: 342 / 9
-------------------------------------------------------------------------
Delay:               2.743ns (Levels of Logic = 12)
  Source:            A<0> (PAD)
  Destination:       Result<6> (PAD)

  Data Path: A<0> to Result<6>
                                Gate     Net
    Cell:in->out      fanout   Delay   Delay  Logical Name (Net Name)
    ----------------------------------------  ------------
     IBUF:I->O             5   0.001   0.398  A_0_IBUF (A_0_IBUF)
     LUT2:I0->O            1   0.097   0.000  Msub_GND_1_o_GND_1_o_sub_2_OUT_lut<0> (Msub_GND_1_o_GND_1_o_sub_2_OUT_lut<0>)
     MUXCY:S->O            1   0.353   0.000  Msub_GND_1_o_GND_1_o_sub_2_OUT_cy<0> (Msub_GND_1_o_GND_1_o_sub_2_OUT_cy<0>)
     MUXCY:CI->O           1   0.023   0.000  Msub_GND_1_o_GND_1_o_sub_2_OUT_cy<1> (Msub_GND_1_o_GND_1_o_sub_2_OUT_cy<1>)
     MUXCY:CI->O           1   0.023   0.000  Msub_GND_1_o_GND_1_o_sub_2_OUT_cy<2> (Msub_GND_1_o_GND_1_o_sub_2_OUT_cy<2>)
     MUXCY:CI->O           1   0.023   0.000  Msub_GND_1_o_GND_1_o_sub_2_OUT_cy<3> (Msub_GND_1_o_GND_1_o_sub_2_OUT_cy<3>)
     MUXCY:CI->O           1   0.023   0.000  Msub_GND_1_o_GND_1_o_sub_2_OUT_cy<4> (Msub_GND_1_o_GND_1_o_sub_2_OUT_cy<4>)
     MUXCY:CI->O           1   0.023   0.000  Msub_GND_1_o_GND_1_o_sub_2_OUT_cy<5> (Msub_GND_1_o_GND_1_o_sub_2_OUT_cy<5>)
     XORCY:CI->O           1   0.370   0.556  Msub_GND_1_o_GND_1_o_sub_2_OUT_xor<6> (GND_1_o_GND_1_o_sub_2_OUT<6>)
     LUT6:I2->O            1   0.097   0.379  Mmux_Result73 (Mmux_Result72)
     LUT3:I1->O            1   0.097   0.279  Mmux_Result74 (Result_6_OBUF)
     OBUF:I->O                 0.000          Result_6_OBUF (Result<6>)
    ----------------------------------------
    Total                      2.743ns (1.130ns logic, 1.613ns route)
                                       (41.2% logic, 58.8% route)

=========================================================================

Cross Clock Domains Report:
--------------------------

=========================================================================


Total REAL time to Xst completion: 18.00 secs
Total CPU time to Xst completion: 3.31 secs
 
--> 


Total memory usage is 593376 kilobytes

Number of errors   :    0 (   0 filtered)
Number of warnings :    0 (   0 filtered)
Number of infos    :    0 (   0 filtered)

