--------------------------------------------------------------------------------
Release 14.7 Trace  (lin64)
Copyright (c) 1995-2013 Xilinx, Inc.  All rights reserved.

/opt/Xilinx/14.7/ISE_DS/ISE/bin/lin64/unwrapped/trce -intstyle ise -v 3 -s 3 -n
3 -fastpaths -xml alu_top.twx alu_top.ncd -o alu_top.twr alu_top.pcf

Design file:              alu_top.ncd
Physical constraint file: alu_top.pcf
Device,package,speed:     xc7a100t,csg324,C,-3 (PRODUCTION 1.10 2013-10-13)
Report level:             verbose report

Environment Variable      Effect 
--------------------      ------ 
NONE                      No environment variables were set
--------------------------------------------------------------------------------

INFO:Timing:2698 - No timing constraints found, doing default enumeration.
INFO:Timing:3412 - To improve timing, see the Timing Closure User Guide (UG612).
INFO:Timing:2752 - To get complete path coverage, use the unconstrained paths 
   option. All paths that are not constrained will be reported in the 
   unconstrained paths section(s) of the report.
INFO:Timing:3339 - The clock-to-out numbers in this timing report are based on 
   a 50 Ohm transmission line loading model.  For the details of this model, 
   and for more information on accounting for different loading conditions, 
   please see the device datasheet.



Data Sheet report:
-----------------
All values displayed in nanoseconds (ns)

Setup/Hold to clock clk
------------+------------+------------+------------+------------+------------------+--------+
            |Max Setup to|  Process   |Max Hold to |  Process   |                  | Clock  |
Source      | clk (edge) |   Corner   | clk (edge) |   Corner   |Internal Clock(s) | Phase  |
------------+------------+------------+------------+------------+------------------+--------+
en          |    0.733(R)|      FAST  |    2.578(R)|      SLOW  |clk_BUFGP         |   0.000|
in_a<0>     |   -1.063(R)|      FAST  |    3.164(R)|      SLOW  |clk_BUFGP         |   0.000|
in_a<1>     |   -1.052(R)|      FAST  |    3.153(R)|      SLOW  |clk_BUFGP         |   0.000|
in_a<2>     |   -1.049(R)|      FAST  |    3.150(R)|      SLOW  |clk_BUFGP         |   0.000|
in_a<3>     |   -1.050(R)|      FAST  |    3.151(R)|      SLOW  |clk_BUFGP         |   0.000|
in_a<4>     |   -1.048(R)|      FAST  |    3.149(R)|      SLOW  |clk_BUFGP         |   0.000|
in_a<5>     |   -1.072(R)|      FAST  |    3.172(R)|      SLOW  |clk_BUFGP         |   0.000|
in_a<6>     |   -1.063(R)|      FAST  |    3.163(R)|      SLOW  |clk_BUFGP         |   0.000|
in_a<7>     |   -1.071(R)|      FAST  |    3.171(R)|      SLOW  |clk_BUFGP         |   0.000|
in_b<0>     |   -1.074(R)|      FAST  |    3.168(R)|      SLOW  |clk_BUFGP         |   0.000|
in_b<1>     |   -1.062(R)|      FAST  |    3.157(R)|      SLOW  |clk_BUFGP         |   0.000|
in_b<2>     |   -1.069(R)|      FAST  |    3.163(R)|      SLOW  |clk_BUFGP         |   0.000|
in_b<3>     |   -1.068(R)|      FAST  |    3.162(R)|      SLOW  |clk_BUFGP         |   0.000|
in_b<4>     |   -1.081(R)|      FAST  |    3.175(R)|      SLOW  |clk_BUFGP         |   0.000|
in_b<5>     |   -1.092(R)|      FAST  |    3.186(R)|      SLOW  |clk_BUFGP         |   0.000|
in_b<6>     |   -1.080(R)|      FAST  |    3.175(R)|      SLOW  |clk_BUFGP         |   0.000|
in_b<7>     |   -1.086(R)|      FAST  |    3.181(R)|      SLOW  |clk_BUFGP         |   0.000|
rst         |    0.686(R)|      FAST  |    2.211(R)|      SLOW  |clk_BUFGP         |   0.000|
------------+------------+------------+------------+------------+------------------+--------+

Clock clk to Pad
------------+-----------------+------------+-----------------+------------+------------------+--------+
            |Max (slowest) clk|  Process   |Min (fastest) clk|  Process   |                  | Clock  |
Destination |  (edge) to PAD  |   Corner   |  (edge) to PAD  |   Corner   |Internal Clock(s) | Phase  |
------------+-----------------+------------+-----------------+------------+------------------+--------+
alu_out<0>  |         9.496(R)|      SLOW  |         3.722(R)|      FAST  |clk_BUFGP         |   0.000|
alu_out<1>  |        10.112(R)|      SLOW  |         3.742(R)|      FAST  |clk_BUFGP         |   0.000|
alu_out<2>  |        10.087(R)|      SLOW  |         3.647(R)|      FAST  |clk_BUFGP         |   0.000|
alu_out<3>  |        10.426(R)|      SLOW  |         3.677(R)|      FAST  |clk_BUFGP         |   0.000|
alu_out<4>  |        10.332(R)|      SLOW  |         3.685(R)|      FAST  |clk_BUFGP         |   0.000|
alu_out<5>  |        10.320(R)|      SLOW  |         3.841(R)|      FAST  |clk_BUFGP         |   0.000|
alu_out<6>  |        10.318(R)|      SLOW  |         3.567(R)|      FAST  |clk_BUFGP         |   0.000|
alu_out<7>  |        10.660(R)|      SLOW  |         3.642(R)|      FAST  |clk_BUFGP         |   0.000|
cout        |         9.833(R)|      SLOW  |         3.712(R)|      FAST  |clk_BUFGP         |   0.000|
------------+-----------------+------------+-----------------+------------+------------------+--------+

Pad to Pad
---------------+---------------+---------+
Source Pad     |Destination Pad|  Delay  |
---------------+---------------+---------+
sel<0>         |alu_out<0>     |    5.517|
sel<0>         |alu_out<1>     |    5.635|
sel<0>         |alu_out<2>     |    5.746|
sel<0>         |alu_out<3>     |    5.491|
sel<0>         |alu_out<4>     |    5.722|
sel<0>         |alu_out<5>     |    5.435|
sel<0>         |alu_out<6>     |    5.592|
sel<0>         |alu_out<7>     |    5.639|
sel<1>         |alu_out<0>     |    5.296|
sel<1>         |alu_out<1>     |    5.738|
sel<1>         |alu_out<2>     |    5.552|
sel<1>         |alu_out<3>     |    5.854|
sel<1>         |alu_out<4>     |    5.779|
sel<1>         |alu_out<5>     |    5.978|
sel<1>         |alu_out<6>     |    5.834|
sel<1>         |alu_out<7>     |    5.593|
---------------+---------------+---------+


Analysis completed Mon Sep 28 16:14:56 2026 
--------------------------------------------------------------------------------

Trace Settings:
-------------------------
Trace Settings 

Peak Memory Usage: 764 MB



