Release 14.7 - xst P.20131013 (lin64)
Copyright (c) 1995-2013 Xilinx, Inc.  All rights reserved.
--> 
Parameter TMPDIR set to xst/projnav.tmp


Total REAL time to Xst completion: 0.00 secs
Total CPU time to Xst completion: 0.02 secs
 
--> 
Parameter xsthdpdir set to xst


Total REAL time to Xst completion: 0.00 secs
Total CPU time to Xst completion: 0.02 secs
 
--> 
Reading design: alu_top.prj

TABLE OF CONTENTS
  1) Synthesis Options Summary
  2) HDL Parsing
  3) HDL Elaboration
  4) HDL Synthesis
       4.1) HDL Synthesis Report
  5) Advanced HDL Synthesis
       5.1) Advanced HDL Synthesis Report
  6) Low Level Synthesis
  7) Partition Report
  8) Design Summary
       8.1) Primitive and Black Box Usage
       8.2) Device utilization summary
       8.3) Partition Resource Summary
       8.4) Timing Report
            8.4.1) Clock Information
            8.4.2) Asynchronous Control Signals Information
            8.4.3) Timing Summary
            8.4.4) Timing Details
            8.4.5) Cross Clock Domains Report


=========================================================================
*                      Synthesis Options Summary                        *
=========================================================================
---- Source Parameters
Input File Name                    : "alu_top.prj"
Ignore Synthesis Constraint File   : NO

---- Target Parameters
Output File Name                   : "alu_top"
Output Format                      : NGC
Target Device                      : xc7a100t-3-csg324

---- Source Options
Top Module Name                    : alu_top
Automatic FSM Extraction           : YES
FSM Encoding Algorithm             : Auto
Safe Implementation                : No
FSM Style                          : LUT
RAM Extraction                     : Yes
RAM Style                          : Auto
ROM Extraction                     : Yes
Shift Register Extraction          : YES
ROM Style                          : Auto
Resource Sharing                   : YES
Asynchronous To Synchronous        : NO
Shift Register Minimum Size        : 2
Use DSP Block                      : Auto
Automatic Register Balancing       : No

---- Target Options
LUT Combining                      : Auto
Reduce Control Sets                : Auto
Add IO Buffers                     : YES
Global Maximum Fanout              : 100000
Add Generic Clock Buffer(BUFG)     : 32
Register Duplication               : YES
Optimize Instantiated Primitives   : NO
Use Clock Enable                   : Auto
Use Synchronous Set                : Auto
Use Synchronous Reset              : Auto
Pack IO Registers into IOBs        : Auto
Equivalent register Removal        : YES

---- General Options
Optimization Goal                  : Speed
Optimization Effort                : 1
Power Reduction                    : NO
Keep Hierarchy                     : No
Netlist Hierarchy                  : As_Optimized
RTL Output                         : Yes
Global Optimization                : AllClockNets
Read Cores                         : YES
Write Timing Constraints           : NO
Cross Clock Analysis               : NO
Hierarchy Separator                : /
Bus Delimiter                      : <>
Case Specifier                     : Maintain
Slice Utilization Ratio            : 100
BRAM Utilization Ratio             : 100
DSP48 Utilization Ratio            : 100
Auto BRAM Packing                  : NO
Slice Utilization Ratio Delta      : 5

=========================================================================


=========================================================================
*                          HDL Parsing                                  *
=========================================================================
Analyzing Verilog file "/home/ise/alu_8bit/xor_gate.v" into library work
Parsing module <xor_gate>.
Analyzing Verilog file "/home/ise/alu_8bit/or_gate.v" into library work
Parsing module <or_gate>.
Analyzing Verilog file "/home/ise/alu_8bit/nor_gate.v" into library work
Parsing module <nor_gate>.
Analyzing Verilog file "/home/ise/alu_8bit/and_gate.v" into library work
Parsing module <and_gate>.
Analyzing Verilog file "/home/ise/alu_8bit/register_8bit.v" into library work
Parsing module <register_8bit>.
Analyzing Verilog file "/home/ise/alu_8bit/mux_8to1.v" into library work
Parsing module <mux_8to1>.
Analyzing Verilog file "/home/ise/alu_8bit/logic_unit.v" into library work
Parsing module <logic_unit>.
Analyzing Verilog file "/home/ise/alu_8bit/adder_8bit.v" into library work
Parsing module <adder_8bit>.
Analyzing Verilog file "/home/ise/alu_8bit/alu_top.v" into library work
Parsing module <alu_top>.

=========================================================================
*                            HDL Elaboration                            *
=========================================================================

Elaborating module <alu_top>.

Elaborating module <register_8bit>.

Elaborating module <adder_8bit>.

Elaborating module <logic_unit>.

Elaborating module <and_gate>.

Elaborating module <or_gate>.

Elaborating module <xor_gate>.

Elaborating module <nor_gate>.

Elaborating module <mux_8to1>.

=========================================================================
*                           HDL Synthesis                               *
=========================================================================

Synthesizing Unit <alu_top>.
    Related source file is "/home/ise/alu_8bit/alu_top.v".
    Summary:
	no macro.
Unit <alu_top> synthesized.

Synthesizing Unit <register_8bit>.
    Related source file is "/home/ise/alu_8bit/register_8bit.v".
    Found 8-bit register for signal <d_out>.
    Summary:
	inferred   8 D-type flip-flop(s).
Unit <register_8bit> synthesized.

Synthesizing Unit <adder_8bit>.
    Related source file is "/home/ise/alu_8bit/adder_8bit.v".
    Found 9-bit adder for signal <n0006> created at line 9.
    Summary:
	inferred   1 Adder/Subtractor(s).
Unit <adder_8bit> synthesized.

Synthesizing Unit <logic_unit>.
    Related source file is "/home/ise/alu_8bit/logic_unit.v".
    Found 8-bit 4-to-1 multiplexer for signal <out> created at line 16.
    Summary:
	inferred   1 Multiplexer(s).
Unit <logic_unit> synthesized.

Synthesizing Unit <and_gate>.
    Related source file is "/home/ise/alu_8bit/and_gate.v".
    Summary:
	no macro.
Unit <and_gate> synthesized.

Synthesizing Unit <or_gate>.
    Related source file is "/home/ise/alu_8bit/or_gate.v".
    Summary:
	no macro.
Unit <or_gate> synthesized.

Synthesizing Unit <xor_gate>.
    Related source file is "/home/ise/alu_8bit/xor_gate.v".
    Summary:
Unit <xor_gate> synthesized.

Synthesizing Unit <nor_gate>.
    Related source file is "/home/ise/alu_8bit/nor_gate.v".
    Summary:
	no macro.
Unit <nor_gate> synthesized.

Synthesizing Unit <mux_8to1>.
    Related source file is "/home/ise/alu_8bit/mux_8to1.v".
WARNING:Xst:647 - Input <sel<2:1>> is never used. This port will be preserved and left unconnected if it belongs to a top-level block or it belongs to a sub-block and the hierarchy of this sub-block is preserved.
    Summary:
	inferred   1 Multiplexer(s).
Unit <mux_8to1> synthesized.

=========================================================================
HDL Synthesis Report

Macro Statistics
# Adders/Subtractors                                   : 1
 9-bit adder                                           : 1
# Registers                                            : 2
 8-bit register                                        : 2
# Multiplexers                                         : 2
 8-bit 2-to-1 multiplexer                              : 1
 8-bit 4-to-1 multiplexer                              : 1
# Xors                                                 : 1
 8-bit xor2                                            : 1

=========================================================================

=========================================================================
*                       Advanced HDL Synthesis                          *
=========================================================================


=========================================================================
Advanced HDL Synthesis Report

Macro Statistics
# Adders/Subtractors                                   : 1
 9-bit adder                                           : 1
# Registers                                            : 16
 Flip-Flops                                            : 16
# Multiplexers                                         : 2
 8-bit 2-to-1 multiplexer                              : 1
 8-bit 4-to-1 multiplexer                              : 1
# Xors                                                 : 1
 8-bit xor2                                            : 1

=========================================================================

=========================================================================
*                         Low Level Synthesis                           *
=========================================================================

Optimizing unit <register_8bit> ...

Optimizing unit <alu_top> ...

Mapping all equations...
Building and optimizing final netlist ...
Found area constraint ratio of 100 (+ 5) on block alu_top, actual ratio is 0.

Final Macro Processing ...

=========================================================================
Final Register Report

Macro Statistics
# Registers                                            : 16
 Flip-Flops                                            : 16

=========================================================================

=========================================================================
*                           Partition Report                            *
=========================================================================

Partition Implementation Status
-------------------------------

  No Partitions were found in this design.

-------------------------------

=========================================================================
*                            Design Summary                             *
=========================================================================

Top Level Output File Name         : alu_top.ngc

Primitive and Black Box Usage:
------------------------------
# BELS                             : 33
#      GND                         : 1
#      LUT2                        : 8
#      LUT5                        : 8
#      MUXCY                       : 8
#      XORCY                       : 8
# FlipFlops/Latches                : 16
#      FDCE                        : 16
# Clock Buffers                    : 1
#      BUFGP                       : 1
# IO Buffers                       : 29
#      IBUF                        : 20
#      OBUF                        : 9

Device utilization summary:
---------------------------

Selected Device : 7a100tcsg324-3 


Slice Logic Utilization: 
 Number of Slice LUTs:                   16  out of  63400     0%  
    Number used as Logic:                16  out of  63400     0%  

Slice Logic Distribution: 
 Number of LUT Flip Flop pairs used:     16
   Number with an unused Flip Flop:      16  out of     16   100%  
   Number with an unused LUT:             0  out of     16     0%  
   Number of fully used LUT-FF pairs:     0  out of     16     0%  
   Number of unique control sets:         1

IO Utilization: 
 Number of IOs:                          31
 Number of bonded IOBs:                  30  out of    210    14%  
    IOB Flip Flops/Latches:              16

Specific Feature Utilization:
 Number of BUFG/BUFGCTRLs:                1  out of     32     3%  

---------------------------
Partition Resource Summary:
---------------------------

  No Partitions were found in this design.

---------------------------


=========================================================================
Timing Report

NOTE: THESE TIMING NUMBERS ARE ONLY A SYNTHESIS ESTIMATE.
      FOR ACCURATE TIMING INFORMATION PLEASE REFER TO THE TRACE REPORT
      GENERATED AFTER PLACE-and-ROUTE.

Clock Information:
------------------
-----------------------------------+------------------------+-------+
Clock Signal                       | Clock buffer(FF name)  | Load  |
-----------------------------------+------------------------+-------+
clk                                | BUFGP                  | 16    |
-----------------------------------+------------------------+-------+

Asynchronous Control Signals Information:
----------------------------------------
No asynchronous control signals found in this design

Timing Summary:
---------------
Speed Grade: -3

   Minimum period: No path found
   Minimum input arrival time before clock: 0.698ns
   Maximum output required time after clock: 2.374ns
   Maximum combinational path delay: 1.093ns

Timing Details:
---------------
All values displayed in nanoseconds (ns)

=========================================================================
Timing constraint: Default OFFSET IN BEFORE for Clock 'clk'
  Total number of paths / destination ports: 48 / 48
-------------------------------------------------------------------------
Offset:              0.698ns (Levels of Logic = 1)
  Source:            rst (PAD)
  Destination:       RegB/d_out_7 (FF)
  Destination Clock: clk rising

  Data Path: rst to RegB/d_out_7
                                Gate     Net
    Cell:in->out      fanout   Delay   Delay  Logical Name (Net Name)
    ----------------------------------------  ------------
     IBUF:I->O            16   0.001   0.348  rst_IBUF (rst_IBUF)
     FDCE:CLR                  0.349          RegB/d_out_0
    ----------------------------------------
    Total                      0.698ns (0.350ns logic, 0.348ns route)
                                       (50.2% logic, 49.8% route)

=========================================================================
Timing constraint: Default OFFSET OUT AFTER for Clock 'clk'
  Total number of paths / destination ports: 140 / 9
-------------------------------------------------------------------------
Offset:              2.374ns (Levels of Logic = 11)
  Source:            RegA/d_out_0 (FF)
  Destination:       alu_out<7> (PAD)
  Source Clock:      clk rising

  Data Path: RegA/d_out_0 to alu_out<7>
                                Gate     Net
    Cell:in->out      fanout   Delay   Delay  Logical Name (Net Name)
    ----------------------------------------  ------------
     FDCE:C->Q             2   0.361   0.383  RegA/d_out_0 (RegA/d_out_0)
     LUT2:I0->O            1   0.097   0.000  Adder/Madd_n0006_lut<0> (Adder/Madd_n0006_lut<0>)
     MUXCY:S->O            1   0.353   0.000  Adder/Madd_n0006_cy<0> (Adder/Madd_n0006_cy<0>)
     MUXCY:CI->O           1   0.023   0.000  Adder/Madd_n0006_cy<1> (Adder/Madd_n0006_cy<1>)
     MUXCY:CI->O           1   0.023   0.000  Adder/Madd_n0006_cy<2> (Adder/Madd_n0006_cy<2>)
     MUXCY:CI->O           1   0.023   0.000  Adder/Madd_n0006_cy<3> (Adder/Madd_n0006_cy<3>)
     MUXCY:CI->O           1   0.023   0.000  Adder/Madd_n0006_cy<4> (Adder/Madd_n0006_cy<4>)
     MUXCY:CI->O           1   0.023   0.000  Adder/Madd_n0006_cy<5> (Adder/Madd_n0006_cy<5>)
     MUXCY:CI->O           1   0.023   0.000  Adder/Madd_n0006_cy<6> (Adder/Madd_n0006_cy<6>)
     XORCY:CI->O           1   0.370   0.295  Adder/Madd_n0006_xor<7> (arith_out<7>)
     LUT5:I4->O            1   0.097   0.279  MUX/Mmux_out81 (alu_out_7_OBUF)
     OBUF:I->O                 0.000          alu_out_7_OBUF (alu_out<7>)
    ----------------------------------------
    Total                      2.374ns (1.416ns logic, 0.958ns route)
                                       (59.6% logic, 40.4% route)

=========================================================================
Timing constraint: Default path analysis
  Total number of paths / destination ports: 16 / 8
-------------------------------------------------------------------------
Delay:               1.093ns (Levels of Logic = 3)
  Source:            sel<0> (PAD)
  Destination:       alu_out<7> (PAD)

  Data Path: sel<0> to alu_out<7>
                                Gate     Net
    Cell:in->out      fanout   Delay   Delay  Logical Name (Net Name)
    ----------------------------------------  ------------
     IBUF:I->O             8   0.001   0.715  sel_0_IBUF (sel_0_IBUF)
     LUT5:I0->O            1   0.097   0.279  MUX/Mmux_out81 (alu_out_7_OBUF)
     OBUF:I->O                 0.000          alu_out_7_OBUF (alu_out<7>)
    ----------------------------------------
    Total                      1.093ns (0.098ns logic, 0.995ns route)
                                       (9.0% logic, 91.0% route)

=========================================================================

Cross Clock Domains Report:
--------------------------

=========================================================================


Total REAL time to Xst completion: 18.00 secs
Total CPU time to Xst completion: 9.60 secs
 
--> 


Total memory usage is 601800 kilobytes

Number of errors   :    0 (   0 filtered)
Number of warnings :    1 (   0 filtered)
Number of infos    :    0 (   0 filtered)

