Running: /opt/Xilinx/14.7/ISE_DS/ISE/bin/lin64/unwrapped/fuse -intstyle ise -incremental -lib unisims_ver -lib unimacro_ver -lib xilinxcorelib_ver -lib secureip -o /home/ise/alu_8bit/tb_alu_top_isim_beh.exe -prj /home/ise/alu_8bit/tb_alu_top_beh.prj work.tb_alu_top work.glbl 
ISim P.20131013 (signature 0xfbc00daa)
Number of CPUs detected in this system: 1
Turning on mult-threading, number of parallel sub-compilation jobs: 0 
Determining compilation order of HDL files
Analyzing Verilog file "/home/ise/alu_8bit/xor_gate.v" into library work
Analyzing Verilog file "/home/ise/alu_8bit/or_gate.v" into library work
Analyzing Verilog file "/home/ise/alu_8bit/nor_gate.v" into library work
Analyzing Verilog file "/home/ise/alu_8bit/and_gate.v" into library work
Analyzing Verilog file "/home/ise/alu_8bit/register_8bit.v" into library work
Analyzing Verilog file "/home/ise/alu_8bit/mux_8to1.v" into library work
Analyzing Verilog file "/home/ise/alu_8bit/logic_unit.v" into library work
Analyzing Verilog file "/home/ise/alu_8bit/adder_8bit.v" into library work
Analyzing Verilog file "/home/ise/alu_8bit/alu_top.v" into library work
Analyzing Verilog file "/home/ise/alu_8bit/tb_alu_top.v" into library work
Analyzing Verilog file "/opt/Xilinx/14.7/ISE_DS/ISE//verilog/src/glbl.v" into library work
Starting static elaboration
Completed static elaboration
Fuse Memory Usage: 94920 KB
Fuse CPU Usage: 470 ms
Compiling module register_8bit
Compiling module adder_8bit
Compiling module and_gate
Compiling module or_gate
Compiling module xor_gate
Compiling module nor_gate
Compiling module logic_unit
Compiling module mux_8to1
Compiling module alu_top
Compiling module tb_alu_top
Compiling module glbl
Time Resolution for simulation is 1ps.
Compiled 11 Verilog Units
Built simulation executable /home/ise/alu_8bit/tb_alu_top_isim_beh.exe
Fuse Memory Usage: 98080 KB
Fuse CPU Usage: 480 ms
GCC CPU Usage: 330 ms
