Running: /opt/Xilinx/14.7/ISE_DS/ISE/bin/lin64/unwrapped/fuse -intstyle ise -incremental -lib unisims_ver -lib unimacro_ver -lib xilinxcorelib_ver -lib secureip -o /home/ise/fulladder/test1_isim_beh.exe -prj /home/ise/fulladder/test1_beh.prj work.test1 work.glbl 
ISim P.20131013 (signature 0xfbc00daa)
Number of CPUs detected in this system: 1
Turning on mult-threading, number of parallel sub-compilation jobs: 0 
Determining compilation order of HDL files
Analyzing Verilog file "/home/ise/fulladder/fulladdar1.v" into library work
Analyzing Verilog file "/home/ise/fulladder/test1.v" into library work
Analyzing Verilog file "/opt/Xilinx/14.7/ISE_DS/ISE//verilog/src/glbl.v" into library work
Starting static elaboration
Completed static elaboration
Fuse Memory Usage: 94928 KB
Fuse CPU Usage: 1140 ms
Compiling module HA
Compiling module fulladdar1
Compiling module test1
Compiling module glbl
Time Resolution for simulation is 1ps.
Compiled 4 Verilog Units
Built simulation executable /home/ise/fulladder/test1_isim_beh.exe
Fuse Memory Usage: 98032 KB
Fuse CPU Usage: 1160 ms
GCC CPU Usage: 520 ms
