Release 14.7 - xst P.20131013 (lin64)
Copyright (c) 1995-2013 Xilinx, Inc.  All rights reserved.
--> 
Parameter TMPDIR set to xst/projnav.tmp


Total REAL time to Xst completion: 0.00 secs
Total CPU time to Xst completion: 0.01 secs
 
--> 
Parameter xsthdpdir set to xst


Total REAL time to Xst completion: 0.00 secs
Total CPU time to Xst completion: 0.01 secs
 
--> 
Reading design: cpu_top.prj

TABLE OF CONTENTS
  1) Synthesis Options Summary
  2) HDL Parsing
  3) HDL Elaboration
  4) HDL Synthesis
       4.1) HDL Synthesis Report
  5) Advanced HDL Synthesis
       5.1) Advanced HDL Synthesis Report
  6) Low Level Synthesis
  7) Partition Report
  8) Design Summary
       8.1) Primitive and Black Box Usage
       8.2) Device utilization summary
       8.3) Partition Resource Summary
       8.4) Timing Report
            8.4.1) Clock Information
            8.4.2) Asynchronous Control Signals Information
            8.4.3) Timing Summary
            8.4.4) Timing Details
            8.4.5) Cross Clock Domains Report


=========================================================================
*                      Synthesis Options Summary                        *
=========================================================================
---- Source Parameters
Input File Name                    : "cpu_top.prj"
Ignore Synthesis Constraint File   : NO

---- Target Parameters
Output File Name                   : "cpu_top"
Output Format                      : NGC
Target Device                      : xc7a100t-3-csg324

---- Source Options
Top Module Name                    : cpu_top
Automatic FSM Extraction           : YES
FSM Encoding Algorithm             : Auto
Safe Implementation                : No
FSM Style                          : LUT
RAM Extraction                     : Yes
RAM Style                          : Auto
ROM Extraction                     : Yes
Shift Register Extraction          : YES
ROM Style                          : Auto
Resource Sharing                   : YES
Asynchronous To Synchronous        : NO
Shift Register Minimum Size        : 2
Use DSP Block                      : Auto
Automatic Register Balancing       : No

---- Target Options
LUT Combining                      : Auto
Reduce Control Sets                : Auto
Add IO Buffers                     : YES
Global Maximum Fanout              : 100000
Add Generic Clock Buffer(BUFG)     : 32
Register Duplication               : YES
Optimize Instantiated Primitives   : NO
Use Clock Enable                   : Auto
Use Synchronous Set                : Auto
Use Synchronous Reset              : Auto
Pack IO Registers into IOBs        : Auto
Equivalent register Removal        : YES

---- General Options
Optimization Goal                  : Speed
Optimization Effort                : 1
Power Reduction                    : NO
Keep Hierarchy                     : No
Netlist Hierarchy                  : As_Optimized
RTL Output                         : Yes
Global Optimization                : AllClockNets
Read Cores                         : YES
Write Timing Constraints           : NO
Cross Clock Analysis               : NO
Hierarchy Separator                : /
Bus Delimiter                      : <>
Case Specifier                     : Maintain
Slice Utilization Ratio            : 100
BRAM Utilization Ratio             : 100
DSP48 Utilization Ratio            : 100
Auto BRAM Packing                  : NO
Slice Utilization Ratio Delta      : 5

=========================================================================


=========================================================================
*                          HDL Parsing                                  *
=========================================================================
Parsing VHDL file "/home/ise/CPU_8bit/program_rom.vhd" into library work
Parsing entity <program_rom>.
Parsing architecture <Behavioral> of entity <program_rom>.
Parsing VHDL file "/home/ise/CPU_8bit/Program_counter.vhd" into library work
Parsing entity <pc>.
Parsing architecture <Behavioral> of entity <pc>.
Parsing VHDL file "/home/ise/CPU_8bit/cpu_registers.vhd" into library work
Parsing entity <cpu_registers>.
Parsing architecture <Behavioral> of entity <cpu_registers>.
Parsing VHDL file "/home/ise/CPU_8bit/control_unit.vhd" into library work
Parsing entity <control_unit>.
Parsing architecture <Behavioral> of entity <control_unit>.
Parsing VHDL file "/home/ise/CPU_8bit/alu_8bit.vhd" into library work
Parsing entity <alu>.
Parsing architecture <Behavioral> of entity <alu>.
Parsing VHDL file "/home/ise/CPU_8bit/cpu_top.vhd" into library work
Parsing entity <cpu_top>.
Parsing architecture <Structural> of entity <cpu_top>.

=========================================================================
*                            HDL Elaboration                            *
=========================================================================

Elaborating entity <cpu_top> (architecture <Structural>) from library <work>.

Elaborating entity <pc> (architecture <Behavioral>) from library <work>.

Elaborating entity <program_rom> (architecture <Behavioral>) from library <work>.

Elaborating entity <control_unit> (architecture <Behavioral>) from library <work>.

Elaborating entity <alu> (architecture <Behavioral>) from library <work>.

Elaborating entity <cpu_registers> (architecture <Behavioral>) from library <work>.

=========================================================================
*                           HDL Synthesis                               *
=========================================================================

Synthesizing Unit <cpu_top>.
    Related source file is "/home/ise/CPU_8bit/cpu_top.vhd".
    Summary:
	no macro.
Unit <cpu_top> synthesized.

Synthesizing Unit <pc>.
    Related source file is "/home/ise/CPU_8bit/Program_counter.vhd".
    Found 4-bit register for signal <pc_reg>.
    Found 4-bit adder for signal <pc_reg[3]_GND_5_o_add_0_OUT> created at line 1241.
    Summary:
	inferred   1 Adder/Subtractor(s).
	inferred   4 D-type flip-flop(s).
	inferred   1 Multiplexer(s).
Unit <pc> synthesized.

Synthesizing Unit <program_rom>.
    Related source file is "/home/ise/CPU_8bit/program_rom.vhd".
    Found 16x12-bit Read Only RAM for signal <data>
    Summary:
	inferred   1 RAM(s).
Unit <program_rom> synthesized.

Synthesizing Unit <control_unit>.
    Related source file is "/home/ise/CPU_8bit/control_unit.vhd".
    Found 16x4-bit Read Only RAM for signal <_n0025>
    Summary:
	inferred   1 RAM(s).
	inferred   1 Multiplexer(s).
Unit <control_unit> synthesized.

Synthesizing Unit <alu>.
    Related source file is "/home/ise/CPU_8bit/alu_8bit.vhd".
    Found 8-bit adder for signal <acc_in[7]_operand[7]_add_0_OUT> created at line 20.
    Found 8-bit 7-to-1 multiplexer for signal <res_internal> created at line 18.
    Summary:
	inferred   1 Adder/Subtractor(s).
	inferred   1 Multiplexer(s).
Unit <alu> synthesized.

Synthesizing Unit <cpu_registers>.
    Related source file is "/home/ise/CPU_8bit/cpu_registers.vhd".
    Found 1-bit register for signal <z_reg>.
    Found 8-bit register for signal <acc_reg>.
    Summary:
	inferred   9 D-type flip-flop(s).
Unit <cpu_registers> synthesized.

=========================================================================
HDL Synthesis Report

Macro Statistics
# RAMs                                                 : 2
 16x12-bit single-port Read Only RAM                   : 1
 16x4-bit single-port Read Only RAM                    : 1
# Adders/Subtractors                                   : 2
 4-bit adder                                           : 1
 8-bit adder                                           : 1
# Registers                                            : 3
 1-bit register                                        : 1
 4-bit register                                        : 1
 8-bit register                                        : 1
# Multiplexers                                         : 3
 1-bit 2-to-1 multiplexer                              : 1
 4-bit 2-to-1 multiplexer                              : 1
 8-bit 7-to-1 multiplexer                              : 1

=========================================================================

=========================================================================
*                       Advanced HDL Synthesis                          *
=========================================================================


Synthesizing (advanced) Unit <control_unit>.
INFO:Xst:3218 - HDL ADVISOR - The RAM <Mram__n0025> will be implemented on LUTs either because you have described an asynchronous read or because of currently unsupported block RAM features. If you have described an asynchronous read, making it synchronous would allow you to take advantage of available block RAM resources, for optimized device usage and improved timings. Please refer to your documentation for coding guidelines.
    -----------------------------------------------------------------------
    | ram_type           | Distributed                         |          |
    -----------------------------------------------------------------------
    | Port A                                                              |
    |     aspect ratio   | 16-word x 4-bit                     |          |
    |     weA            | connected to signal <GND>           | high     |
    |     addrA          | connected to signal <opcode>        |          |
    |     diA            | connected to signal <GND>           |          |
    |     doA            | connected to internal node          |          |
    -----------------------------------------------------------------------
Unit <control_unit> synthesized (advanced).

Synthesizing (advanced) Unit <pc>.
The following registers are absorbed into counter <pc_reg>: 1 register on signal <pc_reg>.
Unit <pc> synthesized (advanced).

Synthesizing (advanced) Unit <program_rom>.
INFO:Xst:3218 - HDL ADVISOR - The RAM <Mram_data> will be implemented on LUTs either because you have described an asynchronous read or because of currently unsupported block RAM features. If you have described an asynchronous read, making it synchronous would allow you to take advantage of available block RAM resources, for optimized device usage and improved timings. Please refer to your documentation for coding guidelines.
    -----------------------------------------------------------------------
    | ram_type           | Distributed                         |          |
    -----------------------------------------------------------------------
    | Port A                                                              |
    |     aspect ratio   | 16-word x 12-bit                    |          |
    |     weA            | connected to signal <GND>           | high     |
    |     addrA          | connected to signal <addr>          |          |
    |     diA            | connected to signal <GND>           |          |
    |     doA            | connected to signal <data>          |          |
    -----------------------------------------------------------------------
Unit <program_rom> synthesized (advanced).

=========================================================================
Advanced HDL Synthesis Report

Macro Statistics
# RAMs                                                 : 2
 16x12-bit single-port distributed Read Only RAM       : 1
 16x4-bit single-port distributed Read Only RAM        : 1
# Adders/Subtractors                                   : 1
 8-bit adder                                           : 1
# Counters                                             : 1
 4-bit up counter                                      : 1
# Registers                                            : 9
 Flip-Flops                                            : 9
# Multiplexers                                         : 1
 8-bit 7-to-1 multiplexer                              : 1

=========================================================================

=========================================================================
*                         Low Level Synthesis                           *
=========================================================================

Optimizing unit <cpu_registers> ...

Optimizing unit <cpu_top> ...

Optimizing unit <alu> ...

Mapping all equations...
Building and optimizing final netlist ...
Found area constraint ratio of 100 (+ 5) on block cpu_top, actual ratio is 0.
FlipFlop U_PC/pc_reg_2 has been replicated 1 time(s)

Final Macro Processing ...

=========================================================================
Final Register Report

Macro Statistics
# Registers                                            : 14
 Flip-Flops                                            : 14

=========================================================================

=========================================================================
*                           Partition Report                            *
=========================================================================

Partition Implementation Status
-------------------------------

  No Partitions were found in this design.

-------------------------------

=========================================================================
*                            Design Summary                             *
=========================================================================

Top Level Output File Name         : cpu_top.ngc

Primitive and Black Box Usage:
------------------------------
# BELS                             : 55
#      GND                         : 1
#      INV                         : 1
#      LUT4                        : 9
#      LUT5                        : 17
#      LUT6                        : 12
#      MUXCY                       : 7
#      XORCY                       : 8
# FlipFlops/Latches                : 14
#      FDR                         : 5
#      FDRE                        : 8
#      FDSE                        : 1
# Clock Buffers                    : 1
#      BUFGP                       : 1
# IO Buffers                       : 14
#      IBUF                        : 1
#      OBUF                        : 13

Device utilization summary:
---------------------------

Selected Device : 7a100tcsg324-3 


Slice Logic Utilization: 
 Number of Slice Registers:              14  out of  126800     0%  
 Number of Slice LUTs:                   39  out of  63400     0%  
    Number used as Logic:                39  out of  63400     0%  

Slice Logic Distribution: 
 Number of LUT Flip Flop pairs used:     40
   Number with an unused Flip Flop:      26  out of     40    65%  
   Number with an unused LUT:             1  out of     40     2%  
   Number of fully used LUT-FF pairs:    13  out of     40    32%  
   Number of unique control sets:         2

IO Utilization: 
 Number of IOs:                          15
 Number of bonded IOBs:                  15  out of    210     7%  

Specific Feature Utilization:
 Number of BUFG/BUFGCTRLs:                1  out of     32     3%  

---------------------------
Partition Resource Summary:
---------------------------

  No Partitions were found in this design.

---------------------------


=========================================================================
Timing Report

NOTE: THESE TIMING NUMBERS ARE ONLY A SYNTHESIS ESTIMATE.
      FOR ACCURATE TIMING INFORMATION PLEASE REFER TO THE TRACE REPORT
      GENERATED AFTER PLACE-and-ROUTE.

Clock Information:
------------------
-----------------------------------+------------------------+-------+
Clock Signal                       | Clock buffer(FF name)  | Load  |
-----------------------------------+------------------------+-------+
clk                                | BUFGP                  | 14    |
-----------------------------------+------------------------+-------+

Asynchronous Control Signals Information:
----------------------------------------
No asynchronous control signals found in this design

Timing Summary:
---------------
Speed Grade: -3

   Minimum period: 3.137ns (Maximum Frequency: 318.776MHz)
   Minimum input arrival time before clock: 0.689ns
   Maximum output required time after clock: 0.747ns
   Maximum combinational path delay: No path found

Timing Details:
---------------
All values displayed in nanoseconds (ns)

=========================================================================
Timing constraint: Default period analysis for Clock 'clk'
  Clock period: 3.137ns (frequency: 318.776MHz)
  Total number of paths / destination ports: 731 / 23
-------------------------------------------------------------------------
Delay:               3.137ns (Levels of Logic = 8)
  Source:            U_REGS/acc_reg_0 (FF)
  Destination:       U_REGS/z_reg (FF)
  Source Clock:      clk rising
  Destination Clock: clk rising

  Data Path: U_REGS/acc_reg_0 to U_REGS/z_reg
                                Gate     Net
    Cell:in->out      fanout   Delay   Delay  Logical Name (Net Name)
    ----------------------------------------  ------------
     FDRE:C->Q             5   0.361   0.702  U_REGS/acc_reg_0 (U_REGS/acc_reg_0)
     LUT5:I0->O            1   0.097   0.000  U_ALU/Madd_acc_in[7]_operand[7]_add_0_OUT_lut<0> (U_ALU/Madd_acc_in[7]_operand[7]_add_0_OUT_lut<0>)
     MUXCY:S->O            1   0.353   0.000  U_ALU/Madd_acc_in[7]_operand[7]_add_0_OUT_cy<0> (U_ALU/Madd_acc_in[7]_operand[7]_add_0_OUT_cy<0>)
     MUXCY:CI->O           1   0.023   0.000  U_ALU/Madd_acc_in[7]_operand[7]_add_0_OUT_cy<1> (U_ALU/Madd_acc_in[7]_operand[7]_add_0_OUT_cy<1>)
     MUXCY:CI->O           1   0.023   0.000  U_ALU/Madd_acc_in[7]_operand[7]_add_0_OUT_cy<2> (U_ALU/Madd_acc_in[7]_operand[7]_add_0_OUT_cy<2>)
     MUXCY:CI->O           1   0.023   0.000  U_ALU/Madd_acc_in[7]_operand[7]_add_0_OUT_cy<3> (U_ALU/Madd_acc_in[7]_operand[7]_add_0_OUT_cy<3>)
     XORCY:CI->O           1   0.370   0.295  U_ALU/Madd_acc_in[7]_operand[7]_add_0_OUT_xor<4> (U_ALU/acc_in[7]_operand[7]_add_0_OUT<4>)
     LUT6:I5->O            2   0.097   0.688  U_ALU/Mmux_res_internal51 (alu_res<4>)
     LUT6:I1->O            1   0.097   0.000  U_ALU/zero<7> (alu_zero)
     FDSE:D                    0.008          U_REGS/z_reg
    ----------------------------------------
    Total                      3.137ns (1.452ns logic, 1.685ns route)
                                       (46.3% logic, 53.7% route)

=========================================================================
Timing constraint: Default OFFSET IN BEFORE for Clock 'clk'
  Total number of paths / destination ports: 14 / 14
-------------------------------------------------------------------------
Offset:              0.689ns (Levels of Logic = 1)
  Source:            reset (PAD)
  Destination:       U_PC/pc_reg_0 (FF)
  Destination Clock: clk rising

  Data Path: reset to U_PC/pc_reg_0
                                Gate     Net
    Cell:in->out      fanout   Delay   Delay  Logical Name (Net Name)
    ----------------------------------------  ------------
     IBUF:I->O            14   0.001   0.339  reset_IBUF (reset_IBUF)
     FDR:R                     0.349          U_PC/pc_reg_0
    ----------------------------------------
    Total                      0.689ns (0.350ns logic, 0.339ns route)
                                       (50.8% logic, 49.2% route)

=========================================================================
Timing constraint: Default OFFSET OUT AFTER for Clock 'clk'
  Total number of paths / destination ports: 13 / 13
-------------------------------------------------------------------------
Offset:              0.747ns (Levels of Logic = 1)
  Source:            U_PC/pc_reg_0 (FF)
  Destination:       PC_out<0> (PAD)
  Source Clock:      clk rising

  Data Path: U_PC/pc_reg_0 to PC_out<0>
                                Gate     Net
    Cell:in->out      fanout   Delay   Delay  Logical Name (Net Name)
    ----------------------------------------  ------------
     FDR:C->Q             29   0.361   0.386  U_PC/pc_reg_0 (U_PC/pc_reg_0)
     OBUF:I->O                 0.000          PC_out_0_OBUF (PC_out<0>)
    ----------------------------------------
    Total                      0.747ns (0.361ns logic, 0.386ns route)
                                       (48.4% logic, 51.6% route)

=========================================================================

Cross Clock Domains Report:
--------------------------

Clock to Setup on destination clock clk
---------------+---------+---------+---------+---------+
               | Src:Rise| Src:Fall| Src:Rise| Src:Fall|
Source Clock   |Dest:Rise|Dest:Rise|Dest:Fall|Dest:Fall|
---------------+---------+---------+---------+---------+
clk            |    3.137|         |         |         |
---------------+---------+---------+---------+---------+

=========================================================================


Total REAL time to Xst completion: 19.00 secs
Total CPU time to Xst completion: 3.35 secs
 
--> 


Total memory usage is 603808 kilobytes

Number of errors   :    0 (   0 filtered)
Number of warnings :    0 (   0 filtered)
Number of infos    :    2 (   0 filtered)

